{"environment":"development","level":"info","message":"Server started on port 3000","port":3000,"timestamp":"2026-01-29 13:45:08"}
{"host":"Supabase","level":"info","message":"Database connected successfully","timestamp":"2026-01-29 13:45:08","type":"PostgreSQL"}
{"ip":"::1","level":"error","message":"Request Error Only existing admins can create new admin or moderator accounts","method":"POST","name":"ForbiddenError","statusCode":403,"timestamp":"2026-01-29 13:45:12","url":"/auth/create-admin","userId":null}
{"level":"http","message":"POST /auth/create-admin 403 229ms","timestamp":"2026-01-29 13:45:12"}
{"level":"http","message":"POST /auth/create-admin 403 230ms","timestamp":"2026-01-29 13:45:12"}
{"level":"http","message":"POST /auth/create-admin 403 233ms","timestamp":"2026-01-29 13:45:12"}
{"level":"http","message":"POST /auth/login 200 476ms","timestamp":"2026-01-29 13:46:32"}
{"level":"http","message":"POST /auth/login 200 477ms","timestamp":"2026-01-29 13:46:32"}
{"level":"http","message":"POST /auth/login 200 478ms","timestamp":"2026-01-29 13:46:32"}
{"ip":"::1","level":"error","message":"Request Error Only existing admins can create new admin or moderator accounts","method":"POST","name":"ForbiddenError","statusCode":403,"timestamp":"2026-01-29 13:46:49","url":"/auth/create-admin","userId":"c5735592-9acc-46f8-9644-f55d9660560e"}
{"level":"http","message":"POST /auth/create-admin 403 155ms","timestamp":"2026-01-29 13:46:49"}
{"level":"http","message":"POST /auth/create-admin 403 155ms","timestamp":"2026-01-29 13:46:49"}
{"level":"http","message":"POST /auth/create-admin 403 156ms","timestamp":"2026-01-29 13:46:49"}
{"ip":"::1","level":"error","message":"Request Error Only existing admins can create new admin or moderator accounts","method":"POST","name":"ForbiddenError","statusCode":403,"timestamp":"2026-01-29 13:48:11","url":"/auth/create-admin","userId":"c5735592-9acc-46f8-9644-f55d9660560e"}
{"level":"http","message":"POST /auth/create-admin 403 154ms","timestamp":"2026-01-29 13:48:11"}
{"level":"http","message":"POST /auth/create-admin 403 155ms","timestamp":"2026-01-29 13:48:11"}
{"level":"http","message":"POST /auth/create-admin 403 157ms","timestamp":"2026-01-29 13:48:11"}
{"ip":"::1","level":"error","message":"Request Error Only existing admins can create new admin or moderator accounts","method":"POST","name":"ForbiddenError","statusCode":403,"timestamp":"2026-01-29 13:49:42","url":"/auth/create-admin","userId":"c5735592-9acc-46f8-9644-f55d9660560e"}
{"level":"http","message":"POST /auth/create-admin 403 156ms","timestamp":"2026-01-29 13:49:42"}
{"level":"http","message":"POST /auth/create-admin 403 157ms","timestamp":"2026-01-29 13:49:42"}
{"level":"http","message":"POST /auth/create-admin 403 158ms","timestamp":"2026-01-29 13:49:42"}
{"level":"http","message":"POST /auth/logout-all 200 323ms","timestamp":"2026-01-29 13:50:39"}
{"level":"http","message":"POST /auth/logout-all 200 323ms","timestamp":"2026-01-29 13:50:39"}
{"level":"http","message":"POST /auth/logout-all 200 324ms","timestamp":"2026-01-29 13:50:39"}
{"environment":"development","level":"info","message":"Server started on port 3000","port":3000,"timestamp":"2026-01-29 13:54:52"}
{"host":"Supabase","level":"info","message":"Database connected successfully","timestamp":"2026-01-29 13:54:52","type":"PostgreSQL"}
{"level":"http","message":"POST /auth/login 200 487ms","timestamp":"2026-01-29 13:55:25"}
{"level":"http","message":"POST /auth/login 200 488ms","timestamp":"2026-01-29 13:55:25"}
{"level":"http","message":"POST /auth/login 200 491ms","timestamp":"2026-01-29 13:55:25"}
{"level":"http","message":"POST /auth/create-admin 201 851ms","timestamp":"2026-01-29 13:56:16"}
{"level":"http","message":"POST /auth/create-admin 201 852ms","timestamp":"2026-01-29 13:56:16"}
{"level":"http","message":"POST /auth/create-admin 201 853ms","timestamp":"2026-01-29 13:56:16"}
{"environment":"development","level":"info","message":"Server started on port 3000","port":3000,"timestamp":"2026-01-29 13:57:14"}
{"host":"Supabase","level":"info","message":"Database connected successfully","timestamp":"2026-01-29 13:57:14","type":"PostgreSQL"}
{"ip":"::1","level":"error","message":"Request Error Only existing admins can create new admin or moderator accounts","method":"POST","name":"ForbiddenError","statusCode":403,"timestamp":"2026-01-29 13:59:42","url":"/auth/create-admin","userId":null}
{"level":"http","message":"POST /auth/create-admin 403 198ms","timestamp":"2026-01-29 13:59:42"}
{"level":"http","message":"POST /auth/create-admin 403 199ms","timestamp":"2026-01-29 13:59:42"}
{"level":"http","message":"POST /auth/create-admin 403 202ms","timestamp":"2026-01-29 13:59:42"}
{"level":"http","message":"POST /auth/create-admin 201 844ms","timestamp":"2026-01-29 14:00:01"}
{"level":"http","message":"POST /auth/create-admin 201 845ms","timestamp":"2026-01-29 14:00:01"}
{"level":"http","message":"POST /auth/create-admin 201 846ms","timestamp":"2026-01-29 14:00:01"}
{"ip":"::1","level":"error","message":"Request Error Route not found - POST /api/master/enums","method":"POST","name":"Error","statusCode":404,"timestamp":"2026-01-29 14:01:51","url":"/api/master/enums","userId":null}
{"level":"http","message":"POST /api/master/enums 404 1ms","timestamp":"2026-01-29 14:01:51"}
{"level":"http","message":"POST /api/master/enums 404 1ms","timestamp":"2026-01-29 14:01:51"}
{"level":"http","message":"POST /api/master/enums 404 2ms","timestamp":"2026-01-29 14:01:51"}
{"ip":"::1","level":"error","message":"Request Error Route not found - GET /api/master/enums","method":"GET","name":"Error","statusCode":404,"timestamp":"2026-01-29 14:02:30","url":"/api/master/enums","userId":null}
{"level":"http","message":"GET /api/master/enums 404 8ms","timestamp":"2026-01-29 14:02:30"}
{"level":"http","message":"GET /api/master/enums 404 16ms","timestamp":"2026-01-29 14:02:30"}
{"level":"http","message":"GET /api/master/enums 404 110ms","timestamp":"2026-01-29 14:02:30"}
{"ip":"::1","level":"error","message":"Request Error Route not found - GET /api/enums","method":"GET","name":"Error","statusCode":404,"timestamp":"2026-01-29 14:04:12","url":"/api/enums","userId":null}
{"level":"http","message":"GET /api/enums 404 1ms","timestamp":"2026-01-29 14:04:12"}
{"level":"http","message":"GET /api/enums 404 2ms","timestamp":"2026-01-29 14:04:12"}
{"level":"http","message":"GET /api/enums 404 3ms","timestamp":"2026-01-29 14:04:12"}
{"level":"http","message":"GET /master/enums 401 0ms","timestamp":"2026-01-29 14:07:03"}
{"level":"http","message":"GET /master/enums 401 0ms","timestamp":"2026-01-29 14:07:03"}
{"level":"http","message":"GET /master/enums 401 1ms","timestamp":"2026-01-29 14:07:03"}
{"level":"http","message":"GET /master/enums 200 1ms","timestamp":"2026-01-29 14:07:09"}
{"level":"http","message":"GET /master/enums 200 2ms","timestamp":"2026-01-29 14:07:09"}
{"level":"http","message":"GET /master/enums 200 3ms","timestamp":"2026-01-29 14:07:09"}
{"level":"http","message":"GET /master/religions 401 0ms","timestamp":"2026-01-29 14:07:43"}
{"level":"http","message":"GET /master/religions 401 0ms","timestamp":"2026-01-29 14:07:43"}
{"level":"http","message":"GET /master/religions 401 1ms","timestamp":"2026-01-29 14:07:43"}
{"level":"http","message":"GET /master/religions 200 472ms","timestamp":"2026-01-29 14:07:49"}
{"level":"http","message":"GET /master/religions 200 472ms","timestamp":"2026-01-29 14:07:49"}
{"level":"http","message":"GET /master/religions 200 473ms","timestamp":"2026-01-29 14:07:49"}
{"level":"http","message":"GET /master/all 200 148ms","timestamp":"2026-01-29 14:08:05"}
{"level":"http","message":"GET /master/all 200 149ms","timestamp":"2026-01-29 14:08:05"}
{"level":"http","message":"GET /master/all 200 150ms","timestamp":"2026-01-29 14:08:05"}
{"ip":"::1","level":"error","message":"Request Error Route not found - GET /master/caste","method":"GET","name":"Error","statusCode":404,"timestamp":"2026-01-29 14:08:43","url":"/master/caste","userId":null}
{"level":"http","message":"GET /master/caste 404 2ms","timestamp":"2026-01-29 14:08:43"}
{"level":"http","message":"GET /master/caste 404 2ms","timestamp":"2026-01-29 14:08:43"}
{"level":"http","message":"GET /master/caste 404 3ms","timestamp":"2026-01-29 14:08:43"}
{"ip":"::1","level":"error","message":"Request Error Route not found - GET /master/castes","method":"GET","name":"Error","statusCode":404,"timestamp":"2026-01-29 14:08:46","url":"/master/castes","userId":null}
{"level":"http","message":"GET /master/castes 404 1ms","timestamp":"2026-01-29 14:08:46"}
{"level":"http","message":"GET /master/castes 404 1ms","timestamp":"2026-01-29 14:08:46"}
{"level":"http","message":"GET /master/castes 404 2ms","timestamp":"2026-01-29 14:08:46"}
{"ip":"::1","level":"error","message":"Request Error Route not found - GET /master/religion","method":"GET","name":"Error","statusCode":404,"timestamp":"2026-01-29 14:09:07","url":"/master/religion","userId":null}
{"level":"http","message":"GET /master/religion 404 1ms","timestamp":"2026-01-29 14:09:07"}
{"level":"http","message":"GET /master/religion 404 2ms","timestamp":"2026-01-29 14:09:07"}
{"level":"http","message":"GET /master/religion 404 2ms","timestamp":"2026-01-29 14:09:07"}
{"level":"http","message":"GET /master/religions 200 147ms","timestamp":"2026-01-29 14:09:14"}
{"level":"http","message":"GET /master/religions 200 147ms","timestamp":"2026-01-29 14:09:14"}
{"level":"http","message":"GET /master/religions 200 148ms","timestamp":"2026-01-29 14:09:14"}
{"ip":"::1","level":"error","message":"GET /master/castes/:1 500 43ms","method":"GET","responseTime":"43ms","statusCode":500,"timestamp":"2026-01-29 14:09:37","url":"/master/castes/:1","userAgent":"PostmanRuntime/7.51.0","userId":"c5735592-9acc-46f8-9644-f55d9660560e"}
{"ip":"::1","level":"error","message":"GET /master/castes/:1 500 44ms","method":"GET","responseTime":"44ms","statusCode":500,"timestamp":"2026-01-29 14:09:37","url":"/master/castes/:1","userAgent":"PostmanRuntime/7.51.0","userId":"c5735592-9acc-46f8-9644-f55d9660560e"}
{"ip":"::1","level":"error","message":"GET /master/castes/:1 500 45ms","method":"GET","responseTime":"45ms","statusCode":500,"timestamp":"2026-01-29 14:09:37","url":"/master/castes/:1","userAgent":"PostmanRuntime/7.51.0","userId":"c5735592-9acc-46f8-9644-f55d9660560e"}
{"level":"http","message":"GET /master/castes/1 200 270ms","timestamp":"2026-01-29 14:09:53"}
{"level":"http","message":"GET /master/castes/1 200 271ms","timestamp":"2026-01-29 14:09:53"}
{"level":"http","message":"GET /master/castes/1 200 271ms","timestamp":"2026-01-29 14:09:53"}
{"level":"http","message":"GET /master/castes/5 200 241ms","timestamp":"2026-01-29 14:10:00"}
{"level":"http","message":"GET /master/castes/5 200 242ms","timestamp":"2026-01-29 14:10:00"}
{"level":"http","message":"GET /master/castes/5 200 242ms","timestamp":"2026-01-29 14:10:00"}
{"level":"http","message":"GET /master/castes/5 401 0ms","timestamp":"2026-01-29 14:10:10"}
{"level":"http","message":"GET /master/castes/5 401 1ms","timestamp":"2026-01-29 14:10:10"}
{"level":"http","message":"GET /master/castes/5 401 1ms","timestamp":"2026-01-29 14:10:10"}
{"level":"http","message":"GET /master/castes/5 200 274ms","timestamp":"2026-01-29 14:10:15"}
{"level":"http","message":"GET /master/castes/5 200 274ms","timestamp":"2026-01-29 14:10:15"}
{"level":"http","message":"GET /master/castes/5 200 275ms","timestamp":"2026-01-29 14:10:15"}
{"level":"http","message":"GET /master/castes/1 401 1ms","timestamp":"2026-01-29 14:10:41"}
{"level":"http","message":"GET /master/castes/1 401 1ms","timestamp":"2026-01-29 14:10:41"}
{"level":"http","message":"GET /master/castes/1 401 2ms","timestamp":"2026-01-29 14:10:41"}
{"level":"http","message":"POST /auth/login 200 549ms","timestamp":"2026-01-29 14:10:54"}
{"level":"http","message":"POST /auth/login 200 550ms","timestamp":"2026-01-29 14:10:54"}
{"level":"http","message":"POST /auth/login 200 550ms","timestamp":"2026-01-29 14:10:54"}
{"level":"http","message":"GET /master/castes/1 200 262ms","timestamp":"2026-01-29 14:11:15"}
{"level":"http","message":"GET /master/castes/1 200 263ms","timestamp":"2026-01-29 14:11:15"}
{"level":"http","message":"GET /master/castes/1 200 263ms","timestamp":"2026-01-29 14:11:15"}
{"level":"http","message":"GET /master/sub-castes/26 200 305ms","timestamp":"2026-01-29 14:11:36"}
{"level":"http","message":"GET /master/sub-castes/26 200 306ms","timestamp":"2026-01-29 14:11:36"}
{"level":"http","message":"GET /master/sub-castes/26 200 306ms","timestamp":"2026-01-29 14:11:36"}
{"level":"http","message":"GET /master/religions/1/hierarchy 200 255ms","timestamp":"2026-01-29 14:11:59"}
{"level":"http","message":"GET /master/religions/1/hierarchy 200 256ms","timestamp":"2026-01-29 14:11:59"}
{"level":"http","message":"GET /master/religions/1/hierarchy 200 257ms","timestamp":"2026-01-29 14:11:59"}
{"environment":"development","level":"info","message":"Server started on port 3000","port":3000,"timestamp":"2026-01-29 14:12:32"}
{"host":"Supabase","level":"info","message":"Database connected successfully","timestamp":"2026-01-29 14:12:32","type":"PostgreSQL"}
{"environment":"development","level":"info","message":"Server started on port 3000","port":3000,"timestamp":"2026-01-29 14:12:37"}
{"host":"Supabase","level":"info","message":"Database connected successfully","timestamp":"2026-01-29 14:12:37","type":"PostgreSQL"}
{"level":"http","message":"GET /master/religions/1/hierarchy 200 412ms","timestamp":"2026-01-29 14:12:44"}
{"level":"http","message":"GET /master/religions/1/hierarchy 200 413ms","timestamp":"2026-01-29 14:12:44"}
{"level":"http","message":"GET /master/religions/1/hierarchy 200 416ms","timestamp":"2026-01-29 14:12:44"}
{"environment":"development","level":"info","message":"Server started on port 3000","port":3000,"timestamp":"2026-01-29 14:20:38"}
{"host":"Supabase","level":"info","message":"Database connected successfully","timestamp":"2026-01-29 14:20:39","type":"PostgreSQL"}
{"level":"http","message":"GET /master/enums 200 6ms","timestamp":"2026-01-29 14:20:43"}
{"level":"http","message":"GET /master/enums 200 7ms","timestamp":"2026-01-29 14:20:43"}
{"level":"http","message":"GET /master/enums 200 12ms","timestamp":"2026-01-29 14:20:43"}
{"level":"http","message":"GET /master/religions 200 321ms","timestamp":"2026-01-29 14:21:07"}
{"level":"http","message":"GET /master/religions 200 323ms","timestamp":"2026-01-29 14:21:07"}
{"level":"http","message":"GET /master/religions 200 325ms","timestamp":"2026-01-29 14:21:07"}
{"level":"http","message":"GET /master/castes/1 200 377ms","timestamp":"2026-01-29 14:21:55"}
{"level":"http","message":"GET /master/castes/1 200 378ms","timestamp":"2026-01-29 14:21:55"}
{"level":"http","message":"GET /master/castes/1 200 380ms","timestamp":"2026-01-29 14:21:55"}
{"level":"http","message":"GET /master/sub-castes/1 200 328ms","timestamp":"2026-01-29 14:22:45"}
{"level":"http","message":"GET /master/sub-castes/1 200 329ms","timestamp":"2026-01-29 14:22:45"}
{"level":"http","message":"GET /master/sub-castes/1 200 330ms","timestamp":"2026-01-29 14:22:45"}
{"level":"http","message":"GET /master/religions/1/hierarchy 200 274ms","timestamp":"2026-01-29 14:23:40"}
{"level":"http","message":"GET /master/religions/1/hierarchy 200 275ms","timestamp":"2026-01-29 14:23:40"}
{"level":"http","message":"GET /master/religions/1/hierarchy 200 276ms","timestamp":"2026-01-29 14:23:40"}
{"level":"http","message":"GET /master/religions/1/hierarchy 200 244ms","timestamp":"2026-01-29 14:24:31"}
{"level":"http","message":"GET /master/religions/1/hierarchy 200 245ms","timestamp":"2026-01-29 14:24:31"}
{"level":"http","message":"GET /master/religions/1/hierarchy 200 246ms","timestamp":"2026-01-29 14:24:31"}
{"level":"http","message":"GET /master/all 200 143ms","timestamp":"2026-01-29 14:25:16"}
{"level":"http","message":"GET /master/all 200 144ms","timestamp":"2026-01-29 14:25:16"}
{"level":"http","message":"GET /master/all 200 145ms","timestamp":"2026-01-29 14:25:16"}
{"level":"http","message":"POST /auth/login 200 789ms","timestamp":"2026-01-29 14:46:09"}
{"level":"http","message":"POST /auth/login 200 789ms","timestamp":"2026-01-29 14:46:09"}
{"level":"http","message":"POST /auth/login 200 790ms","timestamp":"2026-01-29 14:46:09"}
{"level":"http","message":"POST /auth/logout-all 200 202ms","timestamp":"2026-01-29 14:46:42"}
{"level":"http","message":"POST /auth/logout-all 200 202ms","timestamp":"2026-01-29 14:46:42"}
{"level":"http","message":"POST /auth/logout-all 200 203ms","timestamp":"2026-01-29 14:46:42"}
{"environment":"development","level":"info","message":"Server started on port 3000","port":3000,"timestamp":"2026-01-29 18:00:15"}
{"host":"Supabase","level":"info","message":"Database connected successfully","timestamp":"2026-01-29 18:00:15","type":"PostgreSQL"}
{"level":"http","message":"POST /auth/login 200 768ms","timestamp":"2026-01-29 18:28:56"}
{"level":"http","message":"POST /auth/login 200 770ms","timestamp":"2026-01-29 18:28:56"}
{"level":"http","message":"POST /auth/login 200 783ms","timestamp":"2026-01-29 18:28:56"}
{"ip":"::1","level":"warn","message":"Permission authorization attempted without authentication","method":"GET","path":"/c5735592-9acc-46f8-9644-f55d9660560e/family","timestamp":"2026-01-29 18:32:14"}
{"ip":"::1","level":"error","message":"Request Error Authentication required","method":"GET","name":"UnauthorizedError","statusCode":401,"timestamp":"2026-01-29 18:32:14","url":"/users/c5735592-9acc-46f8-9644-f55d9660560e/family","userId":"c5735592-9acc-46f8-9644-f55d9660560e"}
{"level":"http","message":"GET /users/c5735592-9acc-46f8-9644-f55d9660560e/family 401 8ms","timestamp":"2026-01-29 18:32:14"}
{"level":"http","message":"GET /users/c5735592-9acc-46f8-9644-f55d9660560e/family 401 9ms","timestamp":"2026-01-29 18:32:14"}
{"level":"http","message":"GET /users/c5735592-9acc-46f8-9644-f55d9660560e/family 401 10ms","timestamp":"2026-01-29 18:32:14"}
{"ip":"::1","level":"warn","message":"Permission authorization attempted without authentication","method":"GET","path":"/c5735592-9acc-46f8-9644-f55d9660560e/family","timestamp":"2026-01-29 18:32:36"}
{"ip":"::1","level":"error","message":"Request Error Authentication required","method":"GET","name":"UnauthorizedError","statusCode":401,"timestamp":"2026-01-29 18:32:36","url":"/users/c5735592-9acc-46f8-9644-f55d9660560e/family","userId":"c5735592-9acc-46f8-9644-f55d9660560e"}
{"level":"http","message":"GET /users/c5735592-9acc-46f8-9644-f55d9660560e/family 401 3ms","timestamp":"2026-01-29 18:32:36"}
{"level":"http","message":"GET /users/c5735592-9acc-46f8-9644-f55d9660560e/family 401 4ms","timestamp":"2026-01-29 18:32:36"}
{"level":"http","message":"GET /users/c5735592-9acc-46f8-9644-f55d9660560e/family 401 4ms","timestamp":"2026-01-29 18:32:36"}
{"level":"http","message":"POST /auth/login 200 394ms","timestamp":"2026-01-29 18:32:50"}
{"level":"http","message":"POST /auth/login 200 394ms","timestamp":"2026-01-29 18:32:50"}
{"level":"http","message":"POST /auth/login 200 395ms","timestamp":"2026-01-29 18:32:50"}
{"ip":"::1","level":"warn","message":"Permission authorization attempted without authentication","method":"GET","path":"/c5735592-9acc-46f8-9644-f55d9660560e/family","timestamp":"2026-01-29 18:34:28"}
{"ip":"::1","level":"error","message":"Request Error Authentication required","method":"GET","name":"UnauthorizedError","statusCode":401,"timestamp":"2026-01-29 18:34:28","url":"/users/c5735592-9acc-46f8-9644-f55d9660560e/family","userId":"c5735592-9acc-46f8-9644-f55d9660560e"}
{"level":"http","message":"GET /users/c5735592-9acc-46f8-9644-f55d9660560e/family 401 2ms","timestamp":"2026-01-29 18:34:28"}
{"level":"http","message":"GET /users/c5735592-9acc-46f8-9644-f55d9660560e/family 401 3ms","timestamp":"2026-01-29 18:34:28"}
{"level":"http","message":"GET /users/c5735592-9acc-46f8-9644-f55d9660560e/family 401 5ms","timestamp":"2026-01-29 18:34:28"}
{"ip":"::1","level":"warn","message":"Permission authorization attempted without authentication","method":"POST","path":"/c5735592-9acc-46f8-9644-f55d9660560e/family","timestamp":"2026-01-29 18:34:45"}
{"ip":"::1","level":"error","message":"Request Error Authentication required","method":"POST","name":"UnauthorizedError","statusCode":401,"timestamp":"2026-01-29 18:34:45","url":"/users/c5735592-9acc-46f8-9644-f55d9660560e/family","userId":"c5735592-9acc-46f8-9644-f55d9660560e"}
{"level":"http","message":"POST /users/c5735592-9acc-46f8-9644-f55d9660560e/family 401 1ms","timestamp":"2026-01-29 18:34:45"}
{"level":"http","message":"POST /users/c5735592-9acc-46f8-9644-f55d9660560e/family 401 2ms","timestamp":"2026-01-29 18:34:45"}
{"level":"http","message":"POST /users/c5735592-9acc-46f8-9644-f55d9660560e/family 401 2ms","timestamp":"2026-01-29 18:34:45"}
{"ip":"::1","level":"warn","message":"Permission authorization attempted without authentication","method":"POST","path":"/c5735592-9acc-46f8-9644-f55d9660560e/family","timestamp":"2026-01-29 18:35:44"}
{"ip":"::1","level":"error","message":"Request Error Authentication required","method":"POST","name":"UnauthorizedError","statusCode":401,"timestamp":"2026-01-29 18:35:44","url":"/users/c5735592-9acc-46f8-9644-f55d9660560e/family","userId":"c5735592-9acc-46f8-9644-f55d9660560e"}
{"level":"http","message":"POST /users/c5735592-9acc-46f8-9644-f55d9660560e/family 401 1ms","timestamp":"2026-01-29 18:35:44"}
{"level":"http","message":"POST /users/c5735592-9acc-46f8-9644-f55d9660560e/family 401 1ms","timestamp":"2026-01-29 18:35:44"}
{"level":"http","message":"POST /users/c5735592-9acc-46f8-9644-f55d9660560e/family 401 2ms","timestamp":"2026-01-29 18:35:45"}
{"ip":"::1","level":"warn","message":"Permission authorization attempted without authentication","method":"POST","path":"/userId=c5735592-9acc-46f8-9644-f55d9660560e/family","timestamp":"2026-01-29 18:44:47"}
{"ip":"::1","level":"error","message":"Request Error Authentication required","method":"POST","name":"UnauthorizedError","statusCode":401,"timestamp":"2026-01-29 18:44:47","url":"/users/userId=c5735592-9acc-46f8-9644-f55d9660560e/family","userId":"c5735592-9acc-46f8-9644-f55d9660560e"}
{"level":"http","message":"POST /users/userId=c5735592-9acc-46f8-9644-f55d9660560e/family 401 1ms","timestamp":"2026-01-29 18:44:47"}
{"level":"http","message":"POST /users/userId=c5735592-9acc-46f8-9644-f55d9660560e/family 401 2ms","timestamp":"2026-01-29 18:44:47"}
{"level":"http","message":"POST /users/userId=c5735592-9acc-46f8-9644-f55d9660560e/family 401 2ms","timestamp":"2026-01-29 18:44:47"}
{"level":"http","message":"POST /users/%7Bc5735592-9acc-46f8-9644-f55d9660560e%7D/family 401 1ms","timestamp":"2026-01-29 18:50:04"}
{"level":"http","message":"POST /users/%7Bc5735592-9acc-46f8-9644-f55d9660560e%7D/family 401 1ms","timestamp":"2026-01-29 18:50:04"}
{"level":"http","message":"POST /users/%7Bc5735592-9acc-46f8-9644-f55d9660560e%7D/family 401 2ms","timestamp":"2026-01-29 18:50:04"}
{"level":"http","message":"POST /auth/login 200 700ms","timestamp":"2026-01-29 18:50:14"}
{"level":"http","message":"POST /auth/login 200 701ms","timestamp":"2026-01-29 18:50:14"}
{"level":"http","message":"POST /auth/login 200 703ms","timestamp":"2026-01-29 18:50:14"}
{"ip":"::1","level":"warn","message":"Permission authorization attempted without authentication","method":"POST","path":"/c5735592-9acc-46f8-9644-f55d9660560e/family","timestamp":"2026-01-29 18:51:28"}
{"ip":"::1","level":"error","message":"Request Error Authentication required","method":"POST","name":"UnauthorizedError","statusCode":401,"timestamp":"2026-01-29 18:51:28","url":"/users/c5735592-9acc-46f8-9644-f55d9660560e/family","userId":"c5735592-9acc-46f8-9644-f55d9660560e"}
{"level":"http","message":"POST /users/c5735592-9acc-46f8-9644-f55d9660560e/family 401 2ms","timestamp":"2026-01-29 18:51:28"}
{"level":"http","message":"POST /users/c5735592-9acc-46f8-9644-f55d9660560e/family 401 3ms","timestamp":"2026-01-29 18:51:28"}
{"level":"http","message":"POST /users/c5735592-9acc-46f8-9644-f55d9660560e/family 401 3ms","timestamp":"2026-01-29 18:51:28"}
{"level":"http","message":"POST /auth/logout-all 200 481ms","timestamp":"2026-01-29 19:02:50"}
{"level":"http","message":"POST /auth/logout-all 200 482ms","timestamp":"2026-01-29 19:02:50"}
{"level":"http","message":"POST /auth/logout-all 200 483ms","timestamp":"2026-01-29 19:02:50"}
{"level":"http","message":"POST /auth/login 200 390ms","timestamp":"2026-01-29 19:02:59"}
{"level":"http","message":"POST /auth/login 200 391ms","timestamp":"2026-01-29 19:02:59"}
{"level":"http","message":"POST /auth/login 200 392ms","timestamp":"2026-01-29 19:02:59"}
{"environment":"development","level":"info","message":"Server started on port 3000","port":3000,"timestamp":"2026-01-29 19:03:14"}
{"host":"Supabase","level":"info","message":"Database connected successfully","timestamp":"2026-01-29 19:03:14","type":"PostgreSQL"}
{"level":"http","message":"POST /auth/login 200 385ms","timestamp":"2026-01-29 19:03:24"}
{"level":"http","message":"POST /auth/login 200 385ms","timestamp":"2026-01-29 19:03:24"}
{"level":"http","message":"POST /auth/login 200 389ms","timestamp":"2026-01-29 19:03:24"}
{"ip":"::1","level":"warn","message":"Permission authorization attempted without authentication","method":"POST","path":"/c5735592-9acc-46f8-9644-f55d9660560e/family","timestamp":"2026-01-29 19:03:53"}
{"ip":"::1","level":"error","message":"Request Error Authentication required","method":"POST","name":"UnauthorizedError","statusCode":401,"timestamp":"2026-01-29 19:03:53","url":"/users/c5735592-9acc-46f8-9644-f55d9660560e/family","userId":"c5735592-9acc-46f8-9644-f55d9660560e"}
{"level":"http","message":"POST /users/c5735592-9acc-46f8-9644-f55d9660560e/family 401 5ms","timestamp":"2026-01-29 19:03:53"}
{"level":"http","message":"POST /users/c5735592-9acc-46f8-9644-f55d9660560e/family 401 5ms","timestamp":"2026-01-29 19:03:53"}
{"level":"http","message":"POST /users/c5735592-9acc-46f8-9644-f55d9660560e/family 401 6ms","timestamp":"2026-01-29 19:03:53"}
{"environment":"development","level":"info","message":"Server started on port 3000","port":3000,"timestamp":"2026-01-29 19:04:54"}
{"host":"Supabase","level":"info","message":"Database connected successfully","timestamp":"2026-01-29 19:04:54","type":"PostgreSQL"}
{"environment":"development","level":"info","message":"Server started on port 3000","port":3000,"timestamp":"2026-01-29 19:05:17"}
{"host":"Supabase","level":"info","message":"Database connected successfully","timestamp":"2026-01-29 19:05:17","type":"PostgreSQL"}
{"environment":"development","level":"info","message":"Server started on port 3000","port":3000,"timestamp":"2026-01-29 19:05:29"}
{"host":"Supabase","level":"info","message":"Database connected successfully","timestamp":"2026-01-29 19:05:29","type":"PostgreSQL"}
{"environment":"development","level":"info","message":"Server started on port 3000","port":3000,"timestamp":"2026-01-29 19:05:31"}
{"host":"Supabase","level":"info","message":"Database connected successfully","timestamp":"2026-01-29 19:05:31","type":"PostgreSQL"}
{"environment":"development","level":"info","message":"Server started on port 3000","port":3000,"timestamp":"2026-01-29 19:05:48"}
{"host":"Supabase","level":"info","message":"Database connected successfully","timestamp":"2026-01-29 19:05:49","type":"PostgreSQL"}
{"environment":"development","level":"info","message":"Server started on port 3000","port":3000,"timestamp":"2026-01-29 19:06:24"}
{"host":"Supabase","level":"info","message":"Database connected successfully","timestamp":"2026-01-29 19:06:25","type":"PostgreSQL"}
{"environment":"development","level":"info","message":"Server started on port 3000","port":3000,"timestamp":"2026-01-29 19:06:26"}
{"host":"Supabase","level":"info","message":"Database connected successfully","timestamp":"2026-01-29 19:06:27","type":"PostgreSQL"}
{"environment":"development","level":"info","message":"Server started on port 3000","port":3000,"timestamp":"2026-01-29 19:06:28"}
{"host":"Supabase","level":"info","message":"Database connected successfully","timestamp":"2026-01-29 19:06:28","type":"PostgreSQL"}
{"environment":"development","level":"info","message":"Server started on port 3000","port":3000,"timestamp":"2026-01-29 19:06:38"}
{"host":"Supabase","level":"info","message":"Database connected successfully","timestamp":"2026-01-29 19:06:38","type":"PostgreSQL"}
{"environment":"development","level":"info","message":"Server started on port 3000","port":3000,"timestamp":"2026-01-29 19:06:39"}
{"host":"Supabase","level":"info","message":"Database connected successfully","timestamp":"2026-01-29 19:06:39","type":"PostgreSQL"}
{"environment":"development","level":"info","message":"Server started on port 3000","port":3000,"timestamp":"2026-01-29 19:06:40"}
{"host":"Supabase","level":"info","message":"Database connected successfully","timestamp":"2026-01-29 19:06:41","type":"PostgreSQL"}
{"environment":"development","level":"info","message":"Server started on port 3000","port":3000,"timestamp":"2026-01-29 19:06:42"}
{"host":"Supabase","level":"info","message":"Database connected successfully","timestamp":"2026-01-29 19:06:42","type":"PostgreSQL"}
{"ip":"::1","level":"warn","message":"Permission authorization attempted without authentication","method":"POST","path":"/c5735592-9acc-46f8-9644-f55d9660560e/family","timestamp":"2026-01-29 19:06:46"}
{"ip":"::1","level":"error","message":"Request Error Authentication required","method":"POST","name":"UnauthorizedError","statusCode":401,"timestamp":"2026-01-29 19:06:46","url":"/users/c5735592-9acc-46f8-9644-f55d9660560e/family","userId":"c5735592-9acc-46f8-9644-f55d9660560e"}
{"level":"http","message":"POST /users/c5735592-9acc-46f8-9644-f55d9660560e/family 401 7ms","timestamp":"2026-01-29 19:06:46"}
{"level":"http","message":"POST /users/c5735592-9acc-46f8-9644-f55d9660560e/family 401 7ms","timestamp":"2026-01-29 19:06:46"}
{"level":"http","message":"POST /users/c5735592-9acc-46f8-9644-f55d9660560e/family 401 11ms","timestamp":"2026-01-29 19:06:46"}
{"environment":"development","level":"info","message":"Server started on port 3000","port":3000,"timestamp":"2026-01-29 19:08:37"}
{"host":"Supabase","level":"info","message":"Database connected successfully","timestamp":"2026-01-29 19:08:37","type":"PostgreSQL"}
{"environment":"development","level":"info","message":"Server started on port 3000","port":3000,"timestamp":"2026-01-29 19:09:26"}
{"host":"Supabase","level":"info","message":"Database connected successfully","timestamp":"2026-01-29 19:09:27","type":"PostgreSQL"}
{"environment":"development","level":"info","message":"Server started on port 3000","port":3000,"timestamp":"2026-01-29 19:10:49"}
{"host":"Supabase","level":"info","message":"Database connected successfully","timestamp":"2026-01-29 19:10:49","type":"PostgreSQL"}
{"environment":"development","level":"info","message":"Server started on port 3000","port":3000,"timestamp":"2026-01-29 19:10:50"}
{"host":"Supabase","level":"info","message":"Database connected successfully","timestamp":"2026-01-29 19:10:50","type":"PostgreSQL"}
{"environment":"development","level":"info","message":"Server started on port 3000","port":3000,"timestamp":"2026-01-29 19:10:52"}
{"host":"Supabase","level":"info","message":"Database connected successfully","timestamp":"2026-01-29 19:10:52","type":"PostgreSQL"}
{"ip":"::1","level":"error","message":"Request Error Failed to generate token pair: Failed to generate access token: Invalid payload: user_id is required","method":"POST","name":"Error","statusCode":500,"timestamp":"2026-01-29 19:11:21","url":"/auth/login","userId":null}
{"ip":"::1","level":"error","message":"POST /auth/login 500 275ms","method":"POST","responseTime":"275ms","statusCode":500,"timestamp":"2026-01-29 19:11:21","url":"/auth/login","userAgent":"PostmanRuntime/7.51.0","userId":null}
{"ip":"::1","level":"error","message":"POST /auth/login 500 278ms","method":"POST","responseTime":"278ms","statusCode":500,"timestamp":"2026-01-29 19:11:21","url":"/auth/login","userAgent":"PostmanRuntime/7.51.0","userId":null}
{"ip":"::1","level":"error","message":"POST /auth/login 500 281ms","method":"POST","responseTime":"281ms","statusCode":500,"timestamp":"2026-01-29 19:11:21","url":"/auth/login","userAgent":"PostmanRuntime/7.51.0","userId":null}
{"environment":"development","level":"info","message":"Server started on port 3000","port":3000,"timestamp":"2026-01-29 19:11:51"}
{"host":"Supabase","level":"info","message":"Database connected successfully","timestamp":"2026-01-29 19:11:51","type":"PostgreSQL"}
{"environment":"development","level":"info","message":"Server started on port 3000","port":3000,"timestamp":"2026-01-29 19:12:02"}
{"host":"Supabase","level":"info","message":"Database connected successfully","timestamp":"2026-01-29 19:12:02","type":"PostgreSQL"}
{"environment":"development","level":"info","message":"Server started on port 3000","port":3000,"timestamp":"2026-01-29 19:12:11"}
{"host":"Supabase","level":"info","message":"Database connected successfully","timestamp":"2026-01-29 19:12:11","type":"PostgreSQL"}
{"environment":"development","level":"info","message":"Server started on port 3000","port":3000,"timestamp":"2026-01-29 19:12:14"}
{"host":"Supabase","level":"info","message":"Database connected successfully","timestamp":"2026-01-29 19:12:14","type":"PostgreSQL"}
{"level":"http","message":"POST /auth/login 200 405ms","timestamp":"2026-01-29 19:12:21"}
{"level":"http","message":"POST /auth/login 200 406ms","timestamp":"2026-01-29 19:12:21"}
{"level":"http","message":"POST /auth/login 200 409ms","timestamp":"2026-01-29 19:12:21"}
{"hasData":true,"level":"info","message":"[API] Family details created successfully","timestamp":"2026-01-29 19:12:41","userId":"c5735592-9acc-46f8-9644-f55d9660560e"}
{"level":"http","message":"POST /users/c5735592-9acc-46f8-9644-f55d9660560e/family 201 780ms","timestamp":"2026-01-29 19:12:41"}
{"level":"http","message":"POST /users/c5735592-9acc-46f8-9644-f55d9660560e/family 201 780ms","timestamp":"2026-01-29 19:12:41"}
{"level":"http","message":"POST /users/c5735592-9acc-46f8-9644-f55d9660560e/family 201 781ms","timestamp":"2026-01-29 19:12:41"}
{"error":"Conflict","level":"error","message":"[API] Create family details failed - already exists","stack":"Error: Conflict\n    at ProfileController.createFamilyDetails (file:///D:/Kshitij/Internship/Projects/SARVVIVAH/Backend/src/controllers/profileController.js:49:69)","timestamp":"2026-01-29 19:14:55","userId":"c5735592-9acc-46f8-9644-f55d9660560e"}
{"ip":"::1","level":"error","message":"Request Error Family details already exist for this user. Use PUT /users/:userId/family to update.","method":"POST","name":"ConflictError","statusCode":409,"timestamp":"2026-01-29 19:14:55","url":"/users/c5735592-9acc-46f8-9644-f55d9660560e/family","userId":null}
{"level":"http","message":"POST /users/c5735592-9acc-46f8-9644-f55d9660560e/family 409 682ms","timestamp":"2026-01-29 19:14:55"}
{"level":"http","message":"POST /users/c5735592-9acc-46f8-9644-f55d9660560e/family 409 682ms","timestamp":"2026-01-29 19:14:55"}
{"level":"http","message":"POST /users/c5735592-9acc-46f8-9644-f55d9660560e/family 409 683ms","timestamp":"2026-01-29 19:14:55"}
{"error":"Conflict","level":"error","message":"[API] Create family details failed - already exists","stack":"Error: Conflict\n    at ProfileController.createFamilyDetails (file:///D:/Kshitij/Internship/Projects/SARVVIVAH/Backend/src/controllers/profileController.js:49:69)","timestamp":"2026-01-29 19:15:05","userId":"c5735592-9acc-46f8-9644-f55d9660560e"}
{"ip":"::1","level":"error","message":"Request Error Family details already exist for this user. Use PUT /users/:userId/family to update.","method":"POST","name":"ConflictError","statusCode":409,"timestamp":"2026-01-29 19:15:05","url":"/users/c5735592-9acc-46f8-9644-f55d9660560e/family","userId":null}
{"level":"http","message":"POST /users/c5735592-9acc-46f8-9644-f55d9660560e/family 409 539ms","timestamp":"2026-01-29 19:15:05"}
{"level":"http","message":"POST /users/c5735592-9acc-46f8-9644-f55d9660560e/family 409 539ms","timestamp":"2026-01-29 19:15:05"}
{"level":"http","message":"POST /users/c5735592-9acc-46f8-9644-f55d9660560e/family 409 540ms","timestamp":"2026-01-29 19:15:05"}
{"level":"http","message":"POST /auth/create-admin 401 1ms","timestamp":"2026-01-29 19:17:00"}
{"level":"http","message":"POST /auth/create-admin 401 2ms","timestamp":"2026-01-29 19:17:00"}
{"level":"http","message":"POST /auth/create-admin 401 3ms","timestamp":"2026-01-29 19:17:00"}
{"level":"http","message":"POST /auth/login 200 398ms","timestamp":"2026-01-29 19:17:11"}
{"level":"http","message":"POST /auth/login 200 398ms","timestamp":"2026-01-29 19:17:11"}
{"level":"http","message":"POST /auth/login 200 399ms","timestamp":"2026-01-29 19:17:11"}
{"ip":"::1","level":"error","message":"Request Error [\n  {\n    \"code\": \"invalid_value\",\n    \"values\": [\n      \"ADMIN\",\n      \"MODERATOR\"\n    ],\n    \"path\": [\n      \"role\"\n    ],\n    \"message\": \"Invalid option: expected one of \\\"ADMIN\\\"|\\\"MODERATOR\\\"\"\n  }\n]","method":"POST","name":"ZodError","statusCode":500,"timestamp":"2026-01-29 19:17:25","url":"/auth/create-admin","userId":null}
{"level":"http","message":"POST /auth/create-admin 422 3ms","timestamp":"2026-01-29 19:17:25"}
{"level":"http","message":"POST /auth/create-admin 422 4ms","timestamp":"2026-01-29 19:17:25"}
{"level":"http","message":"POST /auth/create-admin 422 5ms","timestamp":"2026-01-29 19:17:25"}
{"level":"http","message":"POST /auth/send-otp 200 600ms","timestamp":"2026-01-29 19:20:41"}
{"level":"http","message":"POST /auth/send-otp 200 601ms","timestamp":"2026-01-29 19:20:41"}
{"level":"http","message":"POST /auth/send-otp 200 601ms","timestamp":"2026-01-29 19:20:41"}
{"environment":"development","level":"info","message":"Server started on port 3000","port":3000,"timestamp":"2026-01-29 19:20:58"}
{"host":"Supabase","level":"info","message":"Database connected successfully","timestamp":"2026-01-29 19:20:58","type":"PostgreSQL"}
{"level":"http","message":"POST /auth/send-otp 200 252ms","timestamp":"2026-01-29 19:21:03"}
{"level":"http","message":"POST /auth/send-otp 200 253ms","timestamp":"2026-01-29 19:21:03"}
{"level":"http","message":"POST /auth/send-otp 200 257ms","timestamp":"2026-01-29 19:21:03"}
{"level":"http","message":"POST /auth/verify-otp 200 291ms","timestamp":"2026-01-29 19:21:53"}
{"level":"http","message":"POST /auth/verify-otp 200 292ms","timestamp":"2026-01-29 19:21:53"}
{"level":"http","message":"POST /auth/verify-otp 200 293ms","timestamp":"2026-01-29 19:21:53"}
{"level":"http","message":"POST /auth/signup 201 701ms","timestamp":"2026-01-29 19:22:47"}
{"level":"http","message":"POST /auth/signup 201 701ms","timestamp":"2026-01-29 19:22:47"}
{"level":"http","message":"POST /auth/signup 201 702ms","timestamp":"2026-01-29 19:22:47"}
{"ip":"::1","level":"warn","message":"Ownership check failed","method":"POST","path":"/c5735592-9acc-46f8-9644-f55d9660560e/family","resourceId":"c5735592-9acc-46f8-9644-f55d9660560e","resourceType":"family details","timestamp":"2026-01-29 19:24:57","userId":"7af0cc53-de82-48c7-8711-18e8dea6cb9c"}
{"action":"Resource ownership violation","error":"\nInvalid `prisma.auditLog.create()` invocation:\n\n{\n  data: {\n    user_id: \"7af0cc53-de82-48c7-8711-18e8dea6cb9c\",\n    ~~~~~~~\n    action: \"Resource ownership violation\",\n    table_name: \"authorization\",\n    record_id: \"7af0cc53-de82-48c7-8711-18e8dea6cb9c\",\n    old_values: null,\n    new_values: \"{\\\"path\\\":\\\"/c5735592-9acc-46f8-9644-f55d9660560e/family\\\",\\\"method\\\":\\\"POST\\\",\\\"ip\\\":\\\"::1\\\",\\\"userAgent\\\":\\\"PostmanRuntime/7.51.0\\\",\\\"resourceId\\\":\\\"c5735592-9acc-46f8-9644-f55d9660560e\\\",\\\"resourceType\\\":\\\"family details\\\"}\",\n    ip_address: \"::1\",\n    user_agent: \"PostmanRuntime/7.51.0\",\n?   created_at?: DateTime,\n?   actor?: UserCreateNestedOneWithoutAudit_logsInput\n  }\n}\n\nUnknown argument `user_id`. Available options are marked with ?.","level":"error","message":"Failed to log authorization failure to audit trail","timestamp":"2026-01-29 19:24:57","userId":"7af0cc53-de82-48c7-8711-18e8dea6cb9c"}
{"ip":"::1","level":"error","message":"Request Error You do not have permission to access this resource","method":"POST","name":"ForbiddenError","statusCode":403,"timestamp":"2026-01-29 19:24:57","url":"/users/c5735592-9acc-46f8-9644-f55d9660560e/family","userId":null}
{"level":"http","message":"POST /users/c5735592-9acc-46f8-9644-f55d9660560e/family 403 360ms","timestamp":"2026-01-29 19:24:57"}
{"level":"http","message":"POST /users/c5735592-9acc-46f8-9644-f55d9660560e/family 403 360ms","timestamp":"2026-01-29 19:24:57"}
{"level":"http","message":"POST /users/c5735592-9acc-46f8-9644-f55d9660560e/family 403 361ms","timestamp":"2026-01-29 19:24:57"}
{"hasData":true,"level":"info","message":"[API] Family details created successfully","timestamp":"2026-01-29 19:25:36","userId":"7af0cc53-de82-48c7-8711-18e8dea6cb9c"}
{"level":"http","message":"POST /users/7af0cc53-de82-48c7-8711-18e8dea6cb9c/family 201 690ms","timestamp":"2026-01-29 19:25:36"}
{"level":"http","message":"POST /users/7af0cc53-de82-48c7-8711-18e8dea6cb9c/family 201 691ms","timestamp":"2026-01-29 19:25:36"}
{"level":"http","message":"POST /users/7af0cc53-de82-48c7-8711-18e8dea6cb9c/family 201 691ms","timestamp":"2026-01-29 19:25:36"}
{"hasData":true,"level":"info","message":"[API] Family details created successfully","timestamp":"2026-01-29 19:29:36","userId":"7af0cc53-de82-48c7-8711-18e8dea6cb9c"}
{"level":"http","message":"POST /users/7af0cc53-de82-48c7-8711-18e8dea6cb9c/family 201 1070ms","timestamp":"2026-01-29 19:29:36"}
{"level":"http","message":"POST /users/7af0cc53-de82-48c7-8711-18e8dea6cb9c/family 201 1070ms","timestamp":"2026-01-29 19:29:36"}
{"level":"http","message":"POST /users/7af0cc53-de82-48c7-8711-18e8dea6cb9c/family 201 1071ms","timestamp":"2026-01-29 19:29:36"}
{"hasData":false,"level":"info","message":"[API] Family details created successfully","timestamp":"2026-01-29 19:30:24","userId":"7af0cc53-de82-48c7-8711-18e8dea6cb9c"}
{"level":"http","message":"POST /users/7af0cc53-de82-48c7-8711-18e8dea6cb9c/family 201 691ms","timestamp":"2026-01-29 19:30:24"}
{"level":"http","message":"POST /users/7af0cc53-de82-48c7-8711-18e8dea6cb9c/family 201 691ms","timestamp":"2026-01-29 19:30:24"}
{"level":"http","message":"POST /users/7af0cc53-de82-48c7-8711-18e8dea6cb9c/family 201 692ms","timestamp":"2026-01-29 19:30:24"}
{"ip":"::1","level":"error","message":"Request Error [\n  {\n    \"code\": \"invalid_value\",\n    \"values\": [\n      \"Orthodox\",\n      \"Traditional\",\n      \"Moderate\",\n      \"Liberal\",\n      \"Progressive\"\n    ],\n    \"path\": [\n      \"family_values\"\n    ],\n    \"message\": \"Invalid option: expected one of \\\"Orthodox\\\"|\\\"Traditional\\\"|\\\"Moderate\\\"|\\\"Liberal\\\"|\\\"Progressive\\\"\"\n  }\n]","method":"POST","name":"ZodError","statusCode":500,"timestamp":"2026-01-29 19:33:27","url":"/users/7af0cc53-de82-48c7-8711-18e8dea6cb9c/family","userId":null}
{"level":"http","message":"POST /users/7af0cc53-de82-48c7-8711-18e8dea6cb9c/family 422 388ms","timestamp":"2026-01-29 19:33:27"}
{"level":"http","message":"POST /users/7af0cc53-de82-48c7-8711-18e8dea6cb9c/family 422 388ms","timestamp":"2026-01-29 19:33:27"}
{"level":"http","message":"POST /users/7af0cc53-de82-48c7-8711-18e8dea6cb9c/family 422 389ms","timestamp":"2026-01-29 19:33:27"}
{"ip":"::1","level":"error","message":"Request Error Bad control character in string literal in JSON at position 143 (line 2 column 141)","method":"POST","name":"SyntaxError","statusCode":400,"timestamp":"2026-01-29 19:37:32","url":"/users/7af0cc53-de82-48c7-8711-18e8dea6cb9c/family","userId":null}
{"level":"http","message":"POST /users/7af0cc53-de82-48c7-8711-18e8dea6cb9c/family 401 0ms","timestamp":"2026-01-29 19:39:30"}
{"level":"http","message":"POST /users/7af0cc53-de82-48c7-8711-18e8dea6cb9c/family 401 1ms","timestamp":"2026-01-29 19:39:30"}
{"level":"http","message":"POST /users/7af0cc53-de82-48c7-8711-18e8dea6cb9c/family 401 2ms","timestamp":"2026-01-29 19:39:30"}
{"level":"http","message":"POST /auth/login 200 646ms","timestamp":"2026-01-29 19:40:20"}
{"level":"http","message":"POST /auth/login 200 646ms","timestamp":"2026-01-29 19:40:20"}
{"level":"http","message":"POST /auth/login 200 647ms","timestamp":"2026-01-29 19:40:20"}
{"ip":"::1","level":"error","message":"Request Error [\n  {\n    \"origin\": \"string\",\n    \"code\": \"too_big\",\n    \"maximum\": 150,\n    \"inclusive\": true,\n    \"path\": [\n      \"father_occupation\"\n    ],\n    \"message\": \"Father occupation must not exceed 150 characters\"\n  }\n]","method":"POST","name":"ZodError","statusCode":500,"timestamp":"2026-01-29 19:40:46","url":"/users/7af0cc53-de82-48c7-8711-18e8dea6cb9c/family","userId":null}
{"level":"http","message":"POST /users/7af0cc53-de82-48c7-8711-18e8dea6cb9c/family 422 335ms","timestamp":"2026-01-29 19:40:46"}
{"level":"http","message":"POST /users/7af0cc53-de82-48c7-8711-18e8dea6cb9c/family 422 335ms","timestamp":"2026-01-29 19:40:46"}
{"level":"http","message":"POST /users/7af0cc53-de82-48c7-8711-18e8dea6cb9c/family 422 336ms","timestamp":"2026-01-29 19:40:46"}
{"ip":"::1","level":"warn","message":"Ownership check failed","method":"POST","path":"/c5735592-9acc-46f8-9644-f55d9660560e/family","resourceId":"c5735592-9acc-46f8-9644-f55d9660560e","resourceType":"family details","timestamp":"2026-01-29 19:43:12","userId":"7af0cc53-de82-48c7-8711-18e8dea6cb9c"}
{"action":"Resource ownership violation","error":"\nInvalid `prisma.auditLog.create()` invocation:\n\n{\n  data: {\n    user_id: \"7af0cc53-de82-48c7-8711-18e8dea6cb9c\",\n    ~~~~~~~\n    action: \"Resource ownership violation\",\n    table_name: \"authorization\",\n    record_id: \"7af0cc53-de82-48c7-8711-18e8dea6cb9c\",\n    old_values: null,\n    new_values: \"{\\\"path\\\":\\\"/c5735592-9acc-46f8-9644-f55d9660560e/family\\\",\\\"method\\\":\\\"POST\\\",\\\"ip\\\":\\\"::1\\\",\\\"userAgent\\\":\\\"PostmanRuntime/7.51.0\\\",\\\"resourceId\\\":\\\"c5735592-9acc-46f8-9644-f55d9660560e\\\",\\\"resourceType\\\":\\\"family details\\\"}\",\n    ip_address: \"::1\",\n    user_agent: \"PostmanRuntime/7.51.0\",\n?   created_at?: DateTime,\n?   actor?: UserCreateNestedOneWithoutAudit_logsInput\n  }\n}\n\nUnknown argument `user_id`. Available options are marked with ?.","level":"error","message":"Failed to log authorization failure to audit trail","timestamp":"2026-01-29 19:43:12","userId":"7af0cc53-de82-48c7-8711-18e8dea6cb9c"}
{"ip":"::1","level":"error","message":"Request Error You do not have permission to access this resource","method":"POST","name":"ForbiddenError","statusCode":403,"timestamp":"2026-01-29 19:43:12","url":"/users/c5735592-9acc-46f8-9644-f55d9660560e/family","userId":null}
{"level":"http","message":"POST /users/c5735592-9acc-46f8-9644-f55d9660560e/family 403 333ms","timestamp":"2026-01-29 19:43:12"}
{"level":"http","message":"POST /users/c5735592-9acc-46f8-9644-f55d9660560e/family 403 334ms","timestamp":"2026-01-29 19:43:12"}
{"level":"http","message":"POST /users/c5735592-9acc-46f8-9644-f55d9660560e/family 403 335ms","timestamp":"2026-01-29 19:43:12"}
{"hasData":true,"level":"info","message":"[API] Family details created successfully","timestamp":"2026-01-29 19:46:37","userId":"7af0cc53-de82-48c7-8711-18e8dea6cb9c"}
{"level":"http","message":"POST /users/7af0cc53-de82-48c7-8711-18e8dea6cb9c/family 201 860ms","timestamp":"2026-01-29 19:46:37"}
{"level":"http","message":"POST /users/7af0cc53-de82-48c7-8711-18e8dea6cb9c/family 201 861ms","timestamp":"2026-01-29 19:46:37"}
{"level":"http","message":"POST /users/7af0cc53-de82-48c7-8711-18e8dea6cb9c/family 201 862ms","timestamp":"2026-01-29 19:46:37"}
{"error":"Conflict","level":"error","message":"[API] Create family details failed - already exists","stack":"Error: Conflict\n    at ProfileController.createFamilyDetails (file:///D:/Kshitij/Internship/Projects/SARVVIVAH/Backend/src/controllers/profileController.js:49:69)","timestamp":"2026-01-29 19:51:36","userId":"7af0cc53-de82-48c7-8711-18e8dea6cb9c"}
{"ip":"::1","level":"error","message":"Request Error Family details already exist for this user. Use PUT /users/:userId/family to update.","method":"POST","name":"ConflictError","statusCode":409,"timestamp":"2026-01-29 19:51:36","url":"/users/7af0cc53-de82-48c7-8711-18e8dea6cb9c/family","userId":null}
{"level":"http","message":"POST /users/7af0cc53-de82-48c7-8711-18e8dea6cb9c/family 409 672ms","timestamp":"2026-01-29 19:51:36"}
{"level":"http","message":"POST /users/7af0cc53-de82-48c7-8711-18e8dea6cb9c/family 409 673ms","timestamp":"2026-01-29 19:51:36"}
{"level":"http","message":"POST /users/7af0cc53-de82-48c7-8711-18e8dea6cb9c/family 409 673ms","timestamp":"2026-01-29 19:51:36"}
{"fieldsUpdated":["siblings_details","family_values"],"level":"info","message":"[API] Family details updated successfully","timestamp":"2026-01-29 19:51:46","userId":"7af0cc53-de82-48c7-8711-18e8dea6cb9c"}
{"level":"http","message":"PUT /users/7af0cc53-de82-48c7-8711-18e8dea6cb9c/family 200 890ms","timestamp":"2026-01-29 19:51:46"}
{"level":"http","message":"PUT /users/7af0cc53-de82-48c7-8711-18e8dea6cb9c/family 200 890ms","timestamp":"2026-01-29 19:51:46"}
{"level":"http","message":"PUT /users/7af0cc53-de82-48c7-8711-18e8dea6cb9c/family 200 892ms","timestamp":"2026-01-29 19:51:46"}
{"fieldsUpdated":["mother_occupation"],"level":"info","message":"[API] Family details updated successfully","timestamp":"2026-01-29 19:52:07","userId":"7af0cc53-de82-48c7-8711-18e8dea6cb9c"}
{"level":"http","message":"PUT /users/7af0cc53-de82-48c7-8711-18e8dea6cb9c/family 200 697ms","timestamp":"2026-01-29 19:52:07"}
{"level":"http","message":"PUT /users/7af0cc53-de82-48c7-8711-18e8dea6cb9c/family 200 697ms","timestamp":"2026-01-29 19:52:07"}
{"level":"http","message":"PUT /users/7af0cc53-de82-48c7-8711-18e8dea6cb9c/family 200 698ms","timestamp":"2026-01-29 19:52:07"}
{"level":"http","message":"POST /auth/login 200 379ms","timestamp":"2026-01-29 19:53:20"}
{"level":"http","message":"POST /auth/login 200 380ms","timestamp":"2026-01-29 19:53:20"}
{"level":"http","message":"POST /auth/login 200 381ms","timestamp":"2026-01-29 19:53:20"}
{"level":"http","message":"PUT /users/7af0cc53-de82-48c7-8711-18e8dea6cb9c/family 401 0ms","timestamp":"2026-01-29 19:58:25"}
{"level":"http","message":"PUT /users/7af0cc53-de82-48c7-8711-18e8dea6cb9c/family 401 1ms","timestamp":"2026-01-29 19:58:25"}
{"level":"http","message":"PUT /users/7af0cc53-de82-48c7-8711-18e8dea6cb9c/family 401 2ms","timestamp":"2026-01-29 19:58:25"}
{"level":"http","message":"POST /auth/login 200 547ms","timestamp":"2026-01-29 19:58:31"}
{"level":"http","message":"POST /auth/login 200 547ms","timestamp":"2026-01-29 19:58:31"}
{"level":"http","message":"POST /auth/login 200 548ms","timestamp":"2026-01-29 19:58:31"}
{"error":"Not found","level":"error","message":"[API] Update family details failed - not found","stack":"Error: Not found\n    at ProfileController.updateFamilyDetails (file:///D:/Kshitij/Internship/Projects/SARVVIVAH/Backend/src/controllers/profileController.js:122:64)","timestamp":"2026-01-29 19:59:13","userId":"7af0cc53-de82-48c7-8711-18e8dea6cb9c"}
{"ip":"::1","level":"error","message":"Request Error Family details not found for this user. Use POST /users/:userId/family to create.","method":"PUT","name":"NotFoundError","statusCode":404,"timestamp":"2026-01-29 19:59:13","url":"/users/7af0cc53-de82-48c7-8711-18e8dea6cb9c/family","userId":null}
{"level":"http","message":"PUT /users/7af0cc53-de82-48c7-8711-18e8dea6cb9c/family 404 575ms","timestamp":"2026-01-29 19:59:13"}
{"level":"http","message":"PUT /users/7af0cc53-de82-48c7-8711-18e8dea6cb9c/family 404 575ms","timestamp":"2026-01-29 19:59:13"}
{"level":"http","message":"PUT /users/7af0cc53-de82-48c7-8711-18e8dea6cb9c/family 404 576ms","timestamp":"2026-01-29 19:59:13"}
{"ip":"::1","level":"warn","message":"Ownership check failed","method":"PUT","path":"/c5735592-9acc-46f8-9644-f55d9660560e/family","resourceId":"c5735592-9acc-46f8-9644-f55d9660560e","resourceType":"family details","timestamp":"2026-01-29 20:00:48","userId":"7af0cc53-de82-48c7-8711-18e8dea6cb9c"}
{"action":"Resource ownership violation","error":"\nInvalid `prisma.auditLog.create()` invocation:\n\n{\n  data: {\n    user_id: \"7af0cc53-de82-48c7-8711-18e8dea6cb9c\",\n    ~~~~~~~\n    action: \"Resource ownership violation\",\n    table_name: \"authorization\",\n    record_id: \"7af0cc53-de82-48c7-8711-18e8dea6cb9c\",\n    old_values: null,\n    new_values: \"{\\\"path\\\":\\\"/c5735592-9acc-46f8-9644-f55d9660560e/family\\\",\\\"method\\\":\\\"PUT\\\",\\\"ip\\\":\\\"::1\\\",\\\"userAgent\\\":\\\"PostmanRuntime/7.51.0\\\",\\\"resourceId\\\":\\\"c5735592-9acc-46f8-9644-f55d9660560e\\\",\\\"resourceType\\\":\\\"family details\\\"}\",\n    ip_address: \"::1\",\n    user_agent: \"PostmanRuntime/7.51.0\",\n?   created_at?: DateTime,\n?   actor?: UserCreateNestedOneWithoutAudit_logsInput\n  }\n}\n\nUnknown argument `user_id`. Available options are marked with ?.","level":"error","message":"Failed to log authorization failure to audit trail","timestamp":"2026-01-29 20:00:48","userId":"7af0cc53-de82-48c7-8711-18e8dea6cb9c"}
{"ip":"::1","level":"error","message":"Request Error You do not have permission to access this resource","method":"PUT","name":"ForbiddenError","statusCode":403,"timestamp":"2026-01-29 20:00:48","url":"/users/c5735592-9acc-46f8-9644-f55d9660560e/family","userId":null}
{"level":"http","message":"PUT /users/c5735592-9acc-46f8-9644-f55d9660560e/family 403 346ms","timestamp":"2026-01-29 20:00:48"}
{"level":"http","message":"PUT /users/c5735592-9acc-46f8-9644-f55d9660560e/family 403 347ms","timestamp":"2026-01-29 20:00:48"}
{"level":"http","message":"PUT /users/c5735592-9acc-46f8-9644-f55d9660560e/family 403 347ms","timestamp":"2026-01-29 20:00:48"}
{"hasData":false,"level":"info","message":"[API] Family details retrieved successfully","timestamp":"2026-01-29 20:04:59","userId":"7af0cc53-de82-48c7-8711-18e8dea6cb9c"}
{"level":"http","message":"GET /users/7af0cc53-de82-48c7-8711-18e8dea6cb9c/family 200 853ms","timestamp":"2026-01-29 20:04:59"}
{"level":"http","message":"GET /users/7af0cc53-de82-48c7-8711-18e8dea6cb9c/family 200 853ms","timestamp":"2026-01-29 20:04:59"}
{"level":"http","message":"GET /users/7af0cc53-de82-48c7-8711-18e8dea6cb9c/family 200 854ms","timestamp":"2026-01-29 20:04:59"}
{"hasData":true,"level":"info","message":"[API] Family details created successfully","timestamp":"2026-01-29 20:06:17","userId":"7af0cc53-de82-48c7-8711-18e8dea6cb9c"}
{"level":"http","message":"POST /users/7af0cc53-de82-48c7-8711-18e8dea6cb9c/family 201 700ms","timestamp":"2026-01-29 20:06:17"}
{"level":"http","message":"POST /users/7af0cc53-de82-48c7-8711-18e8dea6cb9c/family 201 701ms","timestamp":"2026-01-29 20:06:17"}
{"level":"http","message":"POST /users/7af0cc53-de82-48c7-8711-18e8dea6cb9c/family 201 701ms","timestamp":"2026-01-29 20:06:17"}
{"hasData":true,"level":"info","message":"[API] Family details retrieved successfully","timestamp":"2026-01-29 20:06:36","userId":"7af0cc53-de82-48c7-8711-18e8dea6cb9c"}
{"level":"http","message":"GET /users/7af0cc53-de82-48c7-8711-18e8dea6cb9c/family 200 600ms","timestamp":"2026-01-29 20:06:36"}
{"level":"http","message":"GET /users/7af0cc53-de82-48c7-8711-18e8dea6cb9c/family 200 600ms","timestamp":"2026-01-29 20:06:36"}
{"level":"http","message":"GET /users/7af0cc53-de82-48c7-8711-18e8dea6cb9c/family 200 601ms","timestamp":"2026-01-29 20:06:36"}
{"level":"http","message":"POST /auth/login 200 403ms","timestamp":"2026-01-29 20:08:28"}
{"level":"http","message":"POST /auth/login 200 403ms","timestamp":"2026-01-29 20:08:28"}
{"level":"http","message":"POST /auth/login 200 404ms","timestamp":"2026-01-29 20:08:28"}
{"hasData":true,"level":"info","message":"[API] Family details retrieved successfully","timestamp":"2026-01-29 20:09:22","userId":"c5735592-9acc-46f8-9644-f55d9660560e"}
{"level":"http","message":"GET /users/c5735592-9acc-46f8-9644-f55d9660560e/family 200 573ms","timestamp":"2026-01-29 20:09:22"}
{"level":"http","message":"GET /users/c5735592-9acc-46f8-9644-f55d9660560e/family 200 573ms","timestamp":"2026-01-29 20:09:22"}
{"level":"http","message":"GET /users/c5735592-9acc-46f8-9644-f55d9660560e/family 200 575ms","timestamp":"2026-01-29 20:09:22"}
{"level":"http","message":"POST /auth/login 200 629ms","timestamp":"2026-01-29 20:10:27"}
{"level":"http","message":"POST /auth/login 200 629ms","timestamp":"2026-01-29 20:10:27"}
{"level":"http","message":"POST /auth/login 200 630ms","timestamp":"2026-01-29 20:10:27"}
{"hasData":true,"level":"info","message":"[API] Family details retrieved successfully","timestamp":"2026-01-29 20:10:45","userId":"c5735592-9acc-46f8-9644-f55d9660560e"}
{"level":"http","message":"GET /users/c5735592-9acc-46f8-9644-f55d9660560e/family 200 589ms","timestamp":"2026-01-29 20:10:45"}
{"level":"http","message":"GET /users/c5735592-9acc-46f8-9644-f55d9660560e/family 200 589ms","timestamp":"2026-01-29 20:10:45"}
{"level":"http","message":"GET /users/c5735592-9acc-46f8-9644-f55d9660560e/family 200 590ms","timestamp":"2026-01-29 20:10:45"}
{"level":"http","message":"POST /auth/login 200 396ms","timestamp":"2026-01-29 20:14:33"}
{"level":"http","message":"POST /auth/login 200 396ms","timestamp":"2026-01-29 20:14:33"}
{"level":"http","message":"POST /auth/login 200 397ms","timestamp":"2026-01-29 20:14:33"}
{"hasData":false,"level":"info","message":"[API] Family details retrieved successfully","timestamp":"2026-01-29 20:15:48","userId":"7af0cc53-de82-48c7-8711-18e8dea6cb9c"}
{"level":"http","message":"GET /users/7af0cc53-de82-48c7-8711-18e8dea6cb9c/family 200 730ms","timestamp":"2026-01-29 20:15:48"}
{"level":"http","message":"GET /users/7af0cc53-de82-48c7-8711-18e8dea6cb9c/family 200 731ms","timestamp":"2026-01-29 20:15:48"}
{"level":"http","message":"GET /users/7af0cc53-de82-48c7-8711-18e8dea6cb9c/family 200 731ms","timestamp":"2026-01-29 20:15:48"}
{"ip":"::1","level":"error","message":"Request Error \nInvalid `prisma.user.findUnique()` invocation:\n\n\nInconsistent column data: Error creating UUID, invalid length: expected length 32 for simple format, found 40","method":"GET","name":"PrismaClientKnownRequestError","statusCode":500,"timestamp":"2026-01-29 20:17:25","url":"/users/0000000000000000000000000000000000000000/family","userId":null}
{"ip":"::1","level":"error","message":"GET /users/0000000000000000000000000000000000000000/family 500 477ms","method":"GET","responseTime":"477ms","statusCode":500,"timestamp":"2026-01-29 20:17:25","url":"/users/0000000000000000000000000000000000000000/family","userAgent":"PostmanRuntime/7.51.0","userId":null}
{"ip":"::1","level":"error","message":"GET /users/0000000000000000000000000000000000000000/family 500 477ms","method":"GET","responseTime":"477ms","statusCode":500,"timestamp":"2026-01-29 20:17:25","url":"/users/0000000000000000000000000000000000000000/family","userAgent":"PostmanRuntime/7.51.0","userId":null}
{"ip":"::1","level":"error","message":"GET /users/0000000000000000000000000000000000000000/family 500 477ms","method":"GET","responseTime":"477ms","statusCode":500,"timestamp":"2026-01-29 20:17:25","url":"/users/0000000000000000000000000000000000000000/family","userAgent":"PostmanRuntime/7.51.0","userId":null}
{"error":"User not found","level":"error","message":"[API] Get family details failed - user not found","stack":"Error: User not found\n    at ProfileController.getFamilyDetails (file:///D:/Kshitij/Internship/Projects/SARVVIVAH/Backend/src/controllers/profileController.js:175:66)","timestamp":"2026-01-29 20:17:42","userId":"00000000-0000-0000-0000-000000000000"}
{"ip":"::1","level":"error","message":"Request Error User not found","method":"GET","name":"NotFoundError","statusCode":404,"timestamp":"2026-01-29 20:17:42","url":"/users/00000000-0000-0000-0000-000000000000/family","userId":null}
{"level":"http","message":"GET /users/00000000-0000-0000-0000-000000000000/family 404 466ms","timestamp":"2026-01-29 20:17:42"}
{"level":"http","message":"GET /users/00000000-0000-0000-0000-000000000000/family 404 466ms","timestamp":"2026-01-29 20:17:42"}
{"level":"http","message":"GET /users/00000000-0000-0000-0000-000000000000/family 404 467ms","timestamp":"2026-01-29 20:17:42"}
{"level":"http","message":"GET /users/7af0cc53-de82-48c7-8711-18e8dea6cb9c/family 401 1ms","timestamp":"2026-01-29 20:18:03"}
{"level":"http","message":"GET /users/7af0cc53-de82-48c7-8711-18e8dea6cb9c/family 401 1ms","timestamp":"2026-01-29 20:18:03"}
{"level":"http","message":"GET /users/7af0cc53-de82-48c7-8711-18e8dea6cb9c/family 401 2ms","timestamp":"2026-01-29 20:18:03"}
{"hasData":false,"level":"info","message":"[API] Family details retrieved successfully","timestamp":"2026-01-29 20:18:08","userId":"7af0cc53-de82-48c7-8711-18e8dea6cb9c"}
{"level":"http","message":"GET /users/7af0cc53-de82-48c7-8711-18e8dea6cb9c/family 200 570ms","timestamp":"2026-01-29 20:18:08"}
{"level":"http","message":"GET /users/7af0cc53-de82-48c7-8711-18e8dea6cb9c/family 200 570ms","timestamp":"2026-01-29 20:18:08"}
{"level":"http","message":"GET /users/7af0cc53-de82-48c7-8711-18e8dea6cb9c/family 200 571ms","timestamp":"2026-01-29 20:18:08"}
{"level":"http","message":"POST /auth/login 200 399ms","timestamp":"2026-01-29 20:18:39"}
{"level":"http","message":"POST /auth/login 200 400ms","timestamp":"2026-01-29 20:18:39"}
{"level":"http","message":"POST /auth/login 200 400ms","timestamp":"2026-01-29 20:18:39"}
{"ip":"::1","level":"warn","message":"Ownership check failed","method":"POST","path":"/7af0cc53-de82-48c7-8711-18e8dea6cb9c/family","resourceId":"7af0cc53-de82-48c7-8711-18e8dea6cb9c","resourceType":"family details","timestamp":"2026-01-29 20:19:40","userId":"c5735592-9acc-46f8-9644-f55d9660560e"}
{"action":"Resource ownership violation","error":"\nInvalid `prisma.auditLog.create()` invocation:\n\n{\n  data: {\n    user_id: \"c5735592-9acc-46f8-9644-f55d9660560e\",\n    ~~~~~~~\n    action: \"Resource ownership violation\",\n    table_name: \"authorization\",\n    record_id: \"c5735592-9acc-46f8-9644-f55d9660560e\",\n    old_values: null,\n    new_values: \"{\\\"path\\\":\\\"/7af0cc53-de82-48c7-8711-18e8dea6cb9c/family\\\",\\\"method\\\":\\\"POST\\\",\\\"ip\\\":\\\"::1\\\",\\\"userAgent\\\":\\\"PostmanRuntime/7.51.0\\\",\\\"resourceId\\\":\\\"7af0cc53-de82-48c7-8711-18e8dea6cb9c\\\",\\\"resourceType\\\":\\\"family details\\\"}\",\n    ip_address: \"::1\",\n    user_agent: \"PostmanRuntime/7.51.0\",\n?   created_at?: DateTime,\n?   actor?: UserCreateNestedOneWithoutAudit_logsInput\n  }\n}\n\nUnknown argument `user_id`. Available options are marked with ?.","level":"error","message":"Failed to log authorization failure to audit trail","timestamp":"2026-01-29 20:19:40","userId":"c5735592-9acc-46f8-9644-f55d9660560e"}
{"ip":"::1","level":"error","message":"Request Error You do not have permission to access this resource","method":"POST","name":"ForbiddenError","statusCode":403,"timestamp":"2026-01-29 20:19:40","url":"/users/7af0cc53-de82-48c7-8711-18e8dea6cb9c/family","userId":null}
{"level":"http","message":"POST /users/7af0cc53-de82-48c7-8711-18e8dea6cb9c/family 403 360ms","timestamp":"2026-01-29 20:19:40"}
{"level":"http","message":"POST /users/7af0cc53-de82-48c7-8711-18e8dea6cb9c/family 403 360ms","timestamp":"2026-01-29 20:19:40"}
{"level":"http","message":"POST /users/7af0cc53-de82-48c7-8711-18e8dea6cb9c/family 403 363ms","timestamp":"2026-01-29 20:19:40"}
{"level":"http","message":"POST /auth/login 200 555ms","timestamp":"2026-01-29 20:21:40"}
{"level":"http","message":"POST /auth/login 200 555ms","timestamp":"2026-01-29 20:21:40"}
{"level":"http","message":"POST /auth/login 200 556ms","timestamp":"2026-01-29 20:21:40"}
{"hasData":true,"level":"info","message":"[API] Family details created successfully","timestamp":"2026-01-29 20:21:59","userId":"7af0cc53-de82-48c7-8711-18e8dea6cb9c"}
{"level":"http","message":"POST /users/7af0cc53-de82-48c7-8711-18e8dea6cb9c/family 201 713ms","timestamp":"2026-01-29 20:21:59"}
{"level":"http","message":"POST /users/7af0cc53-de82-48c7-8711-18e8dea6cb9c/family 201 713ms","timestamp":"2026-01-29 20:21:59"}
{"level":"http","message":"POST /users/7af0cc53-de82-48c7-8711-18e8dea6cb9c/family 201 714ms","timestamp":"2026-01-29 20:21:59"}
{"ip":"::1","level":"error","message":"Request Error Expected double-quoted property name in JSON at position 42 (line 3 column 1)","method":"POST","name":"SyntaxError","statusCode":400,"timestamp":"2026-01-29 20:23:04","url":"/users/7af0cc53-de82-48c7-8711-18e8dea6cb9c/family","userId":null}
{"ip":"::1","level":"warn","message":"Ownership check failed","method":"POST","path":"/7af0cc53-de82-48c7-8711-18e8dea6cb9c/family","resourceId":"7af0cc53-de82-48c7-8711-18e8dea6cb9c","resourceType":"family details","timestamp":"2026-01-29 20:23:10","userId":"c5735592-9acc-46f8-9644-f55d9660560e"}
{"action":"Resource ownership violation","error":"\nInvalid `prisma.auditLog.create()` invocation:\n\n{\n  data: {\n    user_id: \"c5735592-9acc-46f8-9644-f55d9660560e\",\n    ~~~~~~~\n    action: \"Resource ownership violation\",\n    table_name: \"authorization\",\n    record_id: \"c5735592-9acc-46f8-9644-f55d9660560e\",\n    old_values: null,\n    new_values: \"{\\\"path\\\":\\\"/7af0cc53-de82-48c7-8711-18e8dea6cb9c/family\\\",\\\"method\\\":\\\"POST\\\",\\\"ip\\\":\\\"::1\\\",\\\"userAgent\\\":\\\"PostmanRuntime/7.51.0\\\",\\\"resourceId\\\":\\\"7af0cc53-de82-48c7-8711-18e8dea6cb9c\\\",\\\"resourceType\\\":\\\"family details\\\"}\",\n    ip_address: \"::1\",\n    user_agent: \"PostmanRuntime/7.51.0\",\n?   created_at?: DateTime,\n?   actor?: UserCreateNestedOneWithoutAudit_logsInput\n  }\n}\n\nUnknown argument `user_id`. Available options are marked with ?.","level":"error","message":"Failed to log authorization failure to audit trail","timestamp":"2026-01-29 20:23:10","userId":"c5735592-9acc-46f8-9644-f55d9660560e"}
{"ip":"::1","level":"error","message":"Request Error You do not have permission to access this resource","method":"POST","name":"ForbiddenError","statusCode":403,"timestamp":"2026-01-29 20:23:10","url":"/users/7af0cc53-de82-48c7-8711-18e8dea6cb9c/family","userId":null}
{"level":"http","message":"POST /users/7af0cc53-de82-48c7-8711-18e8dea6cb9c/family 403 410ms","timestamp":"2026-01-29 20:23:10"}
{"level":"http","message":"POST /users/7af0cc53-de82-48c7-8711-18e8dea6cb9c/family 403 410ms","timestamp":"2026-01-29 20:23:10"}
{"level":"http","message":"POST /users/7af0cc53-de82-48c7-8711-18e8dea6cb9c/family 403 411ms","timestamp":"2026-01-29 20:23:10"}
{"level":"http","message":"POST /auth/login 200 403ms","timestamp":"2026-01-29 20:23:24"}
{"level":"http","message":"POST /auth/login 200 404ms","timestamp":"2026-01-29 20:23:24"}
{"level":"http","message":"POST /auth/login 200 404ms","timestamp":"2026-01-29 20:23:24"}
{"ip":"::1","level":"warn","message":"Ownership check failed","method":"POST","path":"/7af0cc53-de82-48c7-8711-18e8dea6cb9c/family","resourceId":"7af0cc53-de82-48c7-8711-18e8dea6cb9c","resourceType":"family details","timestamp":"2026-01-29 20:23:37","userId":"c5735592-9acc-46f8-9644-f55d9660560e"}
{"action":"Resource ownership violation","error":"\nInvalid `prisma.auditLog.create()` invocation:\n\n{\n  data: {\n    user_id: \"c5735592-9acc-46f8-9644-f55d9660560e\",\n    ~~~~~~~\n    action: \"Resource ownership violation\",\n    table_name: \"authorization\",\n    record_id: \"c5735592-9acc-46f8-9644-f55d9660560e\",\n    old_values: null,\n    new_values: \"{\\\"path\\\":\\\"/7af0cc53-de82-48c7-8711-18e8dea6cb9c/family\\\",\\\"method\\\":\\\"POST\\\",\\\"ip\\\":\\\"::1\\\",\\\"userAgent\\\":\\\"PostmanRuntime/7.51.0\\\",\\\"resourceId\\\":\\\"7af0cc53-de82-48c7-8711-18e8dea6cb9c\\\",\\\"resourceType\\\":\\\"family details\\\"}\",\n    ip_address: \"::1\",\n    user_agent: \"PostmanRuntime/7.51.0\",\n?   created_at?: DateTime,\n?   actor?: UserCreateNestedOneWithoutAudit_logsInput\n  }\n}\n\nUnknown argument `user_id`. Available options are marked with ?.","level":"error","message":"Failed to log authorization failure to audit trail","timestamp":"2026-01-29 20:23:37","userId":"c5735592-9acc-46f8-9644-f55d9660560e"}
{"ip":"::1","level":"error","message":"Request Error You do not have permission to access this resource","method":"POST","name":"ForbiddenError","statusCode":403,"timestamp":"2026-01-29 20:23:37","url":"/users/7af0cc53-de82-48c7-8711-18e8dea6cb9c/family","userId":null}
{"level":"http","message":"POST /users/7af0cc53-de82-48c7-8711-18e8dea6cb9c/family 403 317ms","timestamp":"2026-01-29 20:23:37"}
{"level":"http","message":"POST /users/7af0cc53-de82-48c7-8711-18e8dea6cb9c/family 403 317ms","timestamp":"2026-01-29 20:23:37"}
{"level":"http","message":"POST /users/7af0cc53-de82-48c7-8711-18e8dea6cb9c/family 403 318ms","timestamp":"2026-01-29 20:23:37"}
{"ip":"::1","level":"warn","message":"Ownership check failed","method":"PUT","path":"/7af0cc53-de82-48c7-8711-18e8dea6cb9c/family","resourceId":"7af0cc53-de82-48c7-8711-18e8dea6cb9c","resourceType":"family details","timestamp":"2026-01-29 20:23:45","userId":"c5735592-9acc-46f8-9644-f55d9660560e"}
{"action":"Resource ownership violation","error":"\nInvalid `prisma.auditLog.create()` invocation:\n\n{\n  data: {\n    user_id: \"c5735592-9acc-46f8-9644-f55d9660560e\",\n    ~~~~~~~\n    action: \"Resource ownership violation\",\n    table_name: \"authorization\",\n    record_id: \"c5735592-9acc-46f8-9644-f55d9660560e\",\n    old_values: null,\n    new_values: \"{\\\"path\\\":\\\"/7af0cc53-de82-48c7-8711-18e8dea6cb9c/family\\\",\\\"method\\\":\\\"PUT\\\",\\\"ip\\\":\\\"::1\\\",\\\"userAgent\\\":\\\"PostmanRuntime/7.51.0\\\",\\\"resourceId\\\":\\\"7af0cc53-de82-48c7-8711-18e8dea6cb9c\\\",\\\"resourceType\\\":\\\"family details\\\"}\",\n    ip_address: \"::1\",\n    user_agent: \"PostmanRuntime/7.51.0\",\n?   created_at?: DateTime,\n?   actor?: UserCreateNestedOneWithoutAudit_logsInput\n  }\n}\n\nUnknown argument `user_id`. Available options are marked with ?.","level":"error","message":"Failed to log authorization failure to audit trail","timestamp":"2026-01-29 20:23:45","userId":"c5735592-9acc-46f8-9644-f55d9660560e"}
{"ip":"::1","level":"error","message":"Request Error You do not have permission to access this resource","method":"PUT","name":"ForbiddenError","statusCode":403,"timestamp":"2026-01-29 20:23:45","url":"/users/7af0cc53-de82-48c7-8711-18e8dea6cb9c/family","userId":null}
{"level":"http","message":"PUT /users/7af0cc53-de82-48c7-8711-18e8dea6cb9c/family 403 304ms","timestamp":"2026-01-29 20:23:45"}
{"level":"http","message":"PUT /users/7af0cc53-de82-48c7-8711-18e8dea6cb9c/family 403 305ms","timestamp":"2026-01-29 20:23:45"}
{"level":"http","message":"PUT /users/7af0cc53-de82-48c7-8711-18e8dea6cb9c/family 403 305ms","timestamp":"2026-01-29 20:23:45"}
{"environment":"development","level":"info","message":"Server started on port 3000","port":3000,"timestamp":"2026-01-29 20:29:33"}
{"host":"Supabase","level":"info","message":"Database connected successfully","timestamp":"2026-01-29 20:29:33","type":"PostgreSQL"}
{"ip":"::1","level":"warn","message":"Ownership check failed","method":"PUT","path":"/7af0cc53-de82-48c7-8711-18e8dea6cb9c/family","resourceId":"7af0cc53-de82-48c7-8711-18e8dea6cb9c","resourceType":"family details","timestamp":"2026-01-29 20:30:02","userId":"c5735592-9acc-46f8-9644-f55d9660560e"}
{"action":"Resource ownership violation","error":"\nInvalid `prisma.auditLog.create()` invocation:\n\n{\n  data: {\n    user_id: \"c5735592-9acc-46f8-9644-f55d9660560e\",\n    ~~~~~~~\n    action: \"Resource ownership violation\",\n    table_name: \"authorization\",\n    record_id: \"c5735592-9acc-46f8-9644-f55d9660560e\",\n    old_values: null,\n    new_values: \"{\\\"path\\\":\\\"/7af0cc53-de82-48c7-8711-18e8dea6cb9c/family\\\",\\\"method\\\":\\\"PUT\\\",\\\"ip\\\":\\\"::1\\\",\\\"userAgent\\\":\\\"PostmanRuntime/7.51.0\\\",\\\"resourceId\\\":\\\"7af0cc53-de82-48c7-8711-18e8dea6cb9c\\\",\\\"resourceType\\\":\\\"family details\\\"}\",\n    ip_address: \"::1\",\n    user_agent: \"PostmanRuntime/7.51.0\",\n?   created_at?: DateTime,\n?   actor?: UserCreateNestedOneWithoutAudit_logsInput\n  }\n}\n\nUnknown argument `user_id`. Available options are marked with ?.","level":"error","message":"Failed to log authorization failure to audit trail","timestamp":"2026-01-29 20:30:02","userId":"c5735592-9acc-46f8-9644-f55d9660560e"}
{"ip":"::1","level":"error","message":"Request Error You do not have permission to access this resource","method":"PUT","name":"ForbiddenError","statusCode":403,"timestamp":"2026-01-29 20:30:02","url":"/users/7af0cc53-de82-48c7-8711-18e8dea6cb9c/family","userId":null}
{"level":"http","message":"PUT /users/7af0cc53-de82-48c7-8711-18e8dea6cb9c/family 403 352ms","timestamp":"2026-01-29 20:30:02"}
{"level":"http","message":"PUT /users/7af0cc53-de82-48c7-8711-18e8dea6cb9c/family 403 354ms","timestamp":"2026-01-29 20:30:02"}
{"level":"http","message":"PUT /users/7af0cc53-de82-48c7-8711-18e8dea6cb9c/family 403 358ms","timestamp":"2026-01-29 20:30:02"}
{"environment":"development","level":"info","message":"Server started on port 3000","port":3000,"timestamp":"2026-01-29 20:36:32"}
{"host":"Supabase","level":"info","message":"Database connected successfully","timestamp":"2026-01-29 20:36:32","type":"PostgreSQL"}
{"level":"http","message":"POST /auth/login 200 501ms","timestamp":"2026-01-29 20:36:55"}
{"level":"http","message":"POST /auth/login 200 502ms","timestamp":"2026-01-29 20:36:55"}
{"level":"http","message":"POST /auth/login 200 505ms","timestamp":"2026-01-29 20:36:55"}
{"ip":"::1","level":"warn","message":"Ownership check failed","method":"PUT","path":"/7af0cc53-de82-48c7-8711-18e8dea6cb9c/family","resourceId":"7af0cc53-de82-48c7-8711-18e8dea6cb9c","resourceType":"family details","timestamp":"2026-01-29 20:37:04","userId":"c5735592-9acc-46f8-9644-f55d9660560e"}
{"action":"Resource ownership violation","error":"\nInvalid `prisma.auditLog.create()` invocation:\n\n{\n  data: {\n    user_id: \"c5735592-9acc-46f8-9644-f55d9660560e\",\n    ~~~~~~~\n    action: \"Resource ownership violation\",\n    table_name: \"authorization\",\n    record_id: \"c5735592-9acc-46f8-9644-f55d9660560e\",\n    old_values: null,\n    new_values: \"{\\\"path\\\":\\\"/7af0cc53-de82-48c7-8711-18e8dea6cb9c/family\\\",\\\"method\\\":\\\"PUT\\\",\\\"ip\\\":\\\"::1\\\",\\\"userAgent\\\":\\\"PostmanRuntime/7.51.0\\\",\\\"resourceId\\\":\\\"7af0cc53-de82-48c7-8711-18e8dea6cb9c\\\",\\\"resourceType\\\":\\\"family details\\\"}\",\n    ip_address: \"::1\",\n    user_agent: \"PostmanRuntime/7.51.0\",\n?   created_at?: DateTime,\n?   actor?: UserCreateNestedOneWithoutAudit_logsInput\n  }\n}\n\nUnknown argument `user_id`. Available options are marked with ?.","level":"error","message":"Failed to log authorization failure to audit trail","timestamp":"2026-01-29 20:37:04","userId":"c5735592-9acc-46f8-9644-f55d9660560e"}
{"ip":"::1","level":"error","message":"Request Error You do not have permission to access this resource","method":"PUT","name":"ForbiddenError","statusCode":403,"timestamp":"2026-01-29 20:37:04","url":"/users/7af0cc53-de82-48c7-8711-18e8dea6cb9c/family","userId":"c5735592-9acc-46f8-9644-f55d9660560e"}
{"level":"http","message":"PUT /users/7af0cc53-de82-48c7-8711-18e8dea6cb9c/family 403 332ms","timestamp":"2026-01-29 20:37:04"}
{"level":"http","message":"PUT /users/7af0cc53-de82-48c7-8711-18e8dea6cb9c/family 403 333ms","timestamp":"2026-01-29 20:37:04"}
{"level":"http","message":"PUT /users/7af0cc53-de82-48c7-8711-18e8dea6cb9c/family 403 334ms","timestamp":"2026-01-29 20:37:04"}
{"environment":"development","level":"info","message":"Server started on port 3000","port":3000,"timestamp":"2026-01-29 20:43:30"}
{"host":"Supabase","level":"info","message":"Database connected successfully","timestamp":"2026-01-29 20:43:30","type":"PostgreSQL"}
{"environment":"development","level":"info","message":"Server started on port 3000","port":3000,"timestamp":"2026-01-29 20:44:55"}
{"host":"Supabase","level":"info","message":"Database connected successfully","timestamp":"2026-01-29 20:44:55","type":"PostgreSQL"}
{"fieldsUpdated":["mother_occupation"],"level":"info","message":"[API] Family details updated successfully","timestamp":"2026-01-29 20:45:45","userId":"7af0cc53-de82-48c7-8711-18e8dea6cb9c"}
{"level":"http","message":"PUT /users/7af0cc53-de82-48c7-8711-18e8dea6cb9c/family 200 618ms","timestamp":"2026-01-29 20:45:45"}
{"level":"http","message":"PUT /users/7af0cc53-de82-48c7-8711-18e8dea6cb9c/family 200 619ms","timestamp":"2026-01-29 20:45:45"}
{"level":"http","message":"PUT /users/7af0cc53-de82-48c7-8711-18e8dea6cb9c/family 200 638ms","timestamp":"2026-01-29 20:45:45"}
{"level":"http","message":"POST /auth/login 200 391ms","timestamp":"2026-01-29 20:47:22"}
{"level":"http","message":"POST /auth/login 200 391ms","timestamp":"2026-01-29 20:47:22"}
{"level":"http","message":"POST /auth/login 200 392ms","timestamp":"2026-01-29 20:47:22"}
{"ip":"::1","level":"warn","message":"Ownership check failed","method":"PUT","path":"/7af0cc53-de82-48c7-8711-18e8dea6cb9c/family","resourceId":"7af0cc53-de82-48c7-8711-18e8dea6cb9c","resourceType":"family details","roleName":"USER","timestamp":"2026-01-29 20:47:38","userId":"f6ab094e-2900-497f-bb0d-000cc93a25db"}
{"action":"Resource ownership violation","error":"\nInvalid `prisma.auditLog.create()` invocation:\n\n{\n  data: {\n    user_id: \"f6ab094e-2900-497f-bb0d-000cc93a25db\",\n    ~~~~~~~\n    action: \"Resource ownership violation\",\n    table_name: \"authorization\",\n    record_id: \"f6ab094e-2900-497f-bb0d-000cc93a25db\",\n    old_values: null,\n    new_values: \"{\\\"path\\\":\\\"/7af0cc53-de82-48c7-8711-18e8dea6cb9c/family\\\",\\\"method\\\":\\\"PUT\\\",\\\"ip\\\":\\\"::1\\\",\\\"userAgent\\\":\\\"PostmanRuntime/7.51.0\\\",\\\"resourceId\\\":\\\"7af0cc53-de82-48c7-8711-18e8dea6cb9c\\\",\\\"resourceType\\\":\\\"family details\\\",\\\"roleName\\\":\\\"USER\\\"}\",\n    ip_address: \"::1\",\n    user_agent: \"PostmanRuntime/7.51.0\",\n?   created_at?: DateTime,\n?   actor?: UserCreateNestedOneWithoutAudit_logsInput\n  }\n}\n\nUnknown argument `user_id`. Available options are marked with ?.","level":"error","message":"Failed to log authorization failure to audit trail","timestamp":"2026-01-29 20:47:38","userId":"f6ab094e-2900-497f-bb0d-000cc93a25db"}
{"ip":"::1","level":"error","message":"Request Error You do not have permission to access this resource","method":"PUT","name":"ForbiddenError","statusCode":403,"timestamp":"2026-01-29 20:47:38","url":"/users/7af0cc53-de82-48c7-8711-18e8dea6cb9c/family","userId":"f6ab094e-2900-497f-bb0d-000cc93a25db"}
{"level":"http","message":"PUT /users/7af0cc53-de82-48c7-8711-18e8dea6cb9c/family 403 320ms","timestamp":"2026-01-29 20:47:38"}
{"level":"http","message":"PUT /users/7af0cc53-de82-48c7-8711-18e8dea6cb9c/family 403 321ms","timestamp":"2026-01-29 20:47:38"}
{"level":"http","message":"PUT /users/7af0cc53-de82-48c7-8711-18e8dea6cb9c/family 403 321ms","timestamp":"2026-01-29 20:47:38"}
{"environment":"development","level":"info","message":"Server started on port 3000","port":3000,"timestamp":"2026-01-29 22:42:05"}
{"host":"Supabase","level":"info","message":"Database connected successfully","timestamp":"2026-01-29 22:42:05","type":"PostgreSQL"}
{"level":"http","message":"POST /auth/login 200 474ms","timestamp":"2026-01-29 22:42:09"}
{"level":"http","message":"POST /auth/login 200 475ms","timestamp":"2026-01-29 22:42:09"}
{"level":"http","message":"POST /auth/login 200 477ms","timestamp":"2026-01-29 22:42:09"}
{"level":"http","message":"POST /auth/login 200 362ms","timestamp":"2026-01-29 22:42:17"}
{"level":"http","message":"POST /auth/login 200 363ms","timestamp":"2026-01-29 22:42:17"}
{"level":"http","message":"POST /auth/login 200 364ms","timestamp":"2026-01-29 22:42:17"}
{"error":"Not found","level":"error","message":"[API] Update family details failed - not found","stack":"Error: Not found\n    at ProfileController.updateFamilyDetails (file:///D:/Kshitij/Internship/Projects/SARVVIVAH/Backend/src/controllers/profileController.js:122:64)","timestamp":"2026-01-29 22:44:34","userId":"f6ab094e-2900-497f-bb0d-000cc93a25db"}
{"ip":"::1","level":"error","message":"Request Error Family details not found for this user. Use POST /users/:userId/family to create.","method":"PUT","name":"NotFoundError","statusCode":404,"timestamp":"2026-01-29 22:44:34","url":"/users/f6ab094e-2900-497f-bb0d-000cc93a25db/family","userId":"c5735592-9acc-46f8-9644-f55d9660560e"}
{"level":"http","message":"PUT /users/f6ab094e-2900-497f-bb0d-000cc93a25db/family 404 427ms","timestamp":"2026-01-29 22:44:34"}
{"level":"http","message":"PUT /users/f6ab094e-2900-497f-bb0d-000cc93a25db/family 404 427ms","timestamp":"2026-01-29 22:44:34"}
{"level":"http","message":"PUT /users/f6ab094e-2900-497f-bb0d-000cc93a25db/family 404 428ms","timestamp":"2026-01-29 22:44:34"}
{"hasData":true,"level":"info","message":"[API] Family details created successfully","timestamp":"2026-01-29 22:45:04","userId":"f6ab094e-2900-497f-bb0d-000cc93a25db"}
{"level":"http","message":"POST /users/f6ab094e-2900-497f-bb0d-000cc93a25db/family 201 513ms","timestamp":"2026-01-29 22:45:04"}
{"level":"http","message":"POST /users/f6ab094e-2900-497f-bb0d-000cc93a25db/family 201 514ms","timestamp":"2026-01-29 22:45:04"}
{"level":"http","message":"POST /users/f6ab094e-2900-497f-bb0d-000cc93a25db/family 201 514ms","timestamp":"2026-01-29 22:45:04"}
